<?xml version="1.0" encoding="ISO-8859-1" ?>
<link_info>
   <banner>TI ARM Clang Linker PC v4.0.0.LTS</banner>
   <copyright>Copyright (c) 1996-2018 Texas Instruments Incorporated</copyright>
   <command_line>C:\ti\ccstheia151\ccs\tools\compiler\ti-cgt-armllvm_4.0.0.LTS\bin\tiarmlnk -IC:\ti\ccstheia151\ccs\tools\compiler\ti-cgt-armllvm_4.0.0.LTS\lib -o empty_LP_MSPM0G3507_nortos_ticlang.out -mempty_LP_MSPM0G3507_nortos_ticlang.map -iC:/ti/mspm0_sdk_2_10_00_04/source -iC:/Users/vale/workspace_ccstheia/empty_LP_MSPM0G3507_nortos_ticlang -iC:/Users/vale/workspace_ccstheia/empty_LP_MSPM0G3507_nortos_ticlang/Debug/syscfg -iC:/ti/ccstheia151/ccs/tools/compiler/ti-cgt-armllvm_4.0.0.LTS/lib --diag_wrap=off --display_error_number --warn_sections --xml_link_info=empty_LP_MSPM0G3507_nortos_ticlang_linkInfo.xml --rom_model ./empty.o ./ti_msp_dl_config.o ./startup_mspm0g350x_ticlang.o -l./device_linker.cmd -ldevice.cmd.genlibs -llibc.a --start-group -llibc++.a -llibc++abi.a -llibc.a -llibsys.a -llibsysbm.a -llibclang_rt.builtins.a -llibclang_rt.profile.a --end-group --cg_opt_level=0</command_line>
   <link_time>0x69f7886f</link_time>
   <link_errors>0x0</link_errors>
   <output_file>C:\Users\vale\workspace_ccstheia\empty_LP_MSPM0G3507_nortos_ticlang\Debug\empty_LP_MSPM0G3507_nortos_ticlang.out</output_file>
   <entry_point>
      <name>_c_int00_noargs</name>
      <address>0x8b9</address>
   </entry_point>
   <input_file_list>
      <input_file id="fl-1">
         <path>C:\Users\vale\workspace_ccstheia\empty_LP_MSPM0G3507_nortos_ticlang\Debug\.\</path>
         <kind>object</kind>
         <file>empty.o</file>
         <name>empty.o</name>
      </input_file>
      <input_file id="fl-2">
         <path>C:\Users\vale\workspace_ccstheia\empty_LP_MSPM0G3507_nortos_ticlang\Debug\.\</path>
         <kind>object</kind>
         <file>ti_msp_dl_config.o</file>
         <name>ti_msp_dl_config.o</name>
      </input_file>
      <input_file id="fl-3">
         <path>C:\Users\vale\workspace_ccstheia\empty_LP_MSPM0G3507_nortos_ticlang\Debug\.\</path>
         <kind>object</kind>
         <file>startup_mspm0g350x_ticlang.o</file>
         <name>startup_mspm0g350x_ticlang.o</name>
      </input_file>
      <input_file id="fl-11">
         <path>C:\Users\vale\workspace_ccstheia\empty_LP_MSPM0G3507_nortos_ticlang\Debug\</path>
         <kind>object</kind>
         <file>&lt;internal&gt;</file>
         <name>&lt;internal&gt;</name>
      </input_file>
      <input_file id="fl-12">
         <path>C:\ti\mspm0_sdk_2_10_00_04\source\ti\driverlib\lib\ticlang\m0p\mspm0g1x0x_g3x0x\</path>
         <kind>archive</kind>
         <file>driverlib.a</file>
         <name>dl_adc12.o</name>
      </input_file>
      <input_file id="fl-13">
         <path>C:\ti\mspm0_sdk_2_10_00_04\source\ti\driverlib\lib\ticlang\m0p\mspm0g1x0x_g3x0x\</path>
         <kind>archive</kind>
         <file>driverlib.a</file>
         <name>dl_common.o</name>
      </input_file>
      <input_file id="fl-14">
         <path>C:\ti\mspm0_sdk_2_10_00_04\source\ti\driverlib\lib\ticlang\m0p\mspm0g1x0x_g3x0x\</path>
         <kind>archive</kind>
         <file>driverlib.a</file>
         <name>dl_timer.o</name>
      </input_file>
      <input_file id="fl-29">
         <path>C:\ti\ccstheia151\ccs\tools\compiler\ti-cgt-armllvm_4.0.0.LTS\lib\armv6m-ti-none-eabi\c\</path>
         <kind>archive</kind>
         <file>libc.a</file>
         <name>boot_cortex_m.c.obj</name>
      </input_file>
      <input_file id="fl-2a">
         <path>C:\ti\ccstheia151\ccs\tools\compiler\ti-cgt-armllvm_4.0.0.LTS\lib\armv6m-ti-none-eabi\c\</path>
         <kind>archive</kind>
         <file>libc.a</file>
         <name>mathacl_init.c.obj</name>
      </input_file>
      <input_file id="fl-2b">
         <path>C:\ti\ccstheia151\ccs\tools\compiler\ti-cgt-armllvm_4.0.0.LTS\lib\armv6m-ti-none-eabi\c\</path>
         <kind>archive</kind>
         <file>libc.a</file>
         <name>autoinit.c.obj</name>
      </input_file>
      <input_file id="fl-2c">
         <path>C:\ti\ccstheia151\ccs\tools\compiler\ti-cgt-armllvm_4.0.0.LTS\lib\armv6m-ti-none-eabi\c\</path>
         <kind>archive</kind>
         <file>libc.a</file>
         <name>pre_init.c.obj</name>
      </input_file>
      <input_file id="fl-2d">
         <path>C:\ti\ccstheia151\ccs\tools\compiler\ti-cgt-armllvm_4.0.0.LTS\lib\armv6m-ti-none-eabi\c\</path>
         <kind>archive</kind>
         <file>libc.a</file>
         <name>cpy_tbl.c.obj</name>
      </input_file>
      <input_file id="fl-2e">
         <path>C:\ti\ccstheia151\ccs\tools\compiler\ti-cgt-armllvm_4.0.0.LTS\lib\armv6m-ti-none-eabi\c\</path>
         <kind>archive</kind>
         <file>libc.a</file>
         <name>copy_zero_init.c.obj</name>
      </input_file>
      <input_file id="fl-2f">
         <path>C:\ti\ccstheia151\ccs\tools\compiler\ti-cgt-armllvm_4.0.0.LTS\lib\armv6m-ti-none-eabi\c\</path>
         <kind>archive</kind>
         <file>libc.a</file>
         <name>copy_decompress_none.c.obj</name>
      </input_file>
      <input_file id="fl-30">
         <path>C:\ti\ccstheia151\ccs\tools\compiler\ti-cgt-armllvm_4.0.0.LTS\lib\armv6m-ti-none-eabi\c\</path>
         <kind>archive</kind>
         <file>libc.a</file>
         <name>copy_decompress_lzss.c.obj</name>
      </input_file>
      <input_file id="fl-31">
         <path>C:\ti\ccstheia151\ccs\tools\compiler\ti-cgt-armllvm_4.0.0.LTS\lib\armv6m-ti-none-eabi\c\</path>
         <kind>archive</kind>
         <file>libc.a</file>
         <name>exit.c.obj</name>
      </input_file>
      <input_file id="fl-32">
         <path>C:\ti\ccstheia151\ccs\tools\compiler\ti-cgt-armllvm_4.0.0.LTS\lib\armv6m-ti-none-eabi\c\</path>
         <kind>archive</kind>
         <file>libc.a</file>
         <name>_lock.c.obj</name>
      </input_file>
      <input_file id="fl-33">
         <path>C:\ti\ccstheia151\ccs\tools\compiler\ti-cgt-armllvm_4.0.0.LTS\lib\armv6m-ti-none-eabi\c\</path>
         <kind>archive</kind>
         <file>libc.a</file>
         <name>args_main.c.obj</name>
      </input_file>
      <input_file id="fl-c9">
         <path>C:\ti\ccstheia151\ccs\tools\compiler\ti-cgt-armllvm_4.0.0.LTS\lib\armv6m-ti-none-eabi\</path>
         <kind>archive</kind>
         <file>libclang_rt.builtins.a</file>
         <name>aeabi_idivmod.S.obj</name>
      </input_file>
      <input_file id="fl-ca">
         <path>C:\ti\ccstheia151\ccs\tools\compiler\ti-cgt-armllvm_4.0.0.LTS\lib\armv6m-ti-none-eabi\</path>
         <kind>archive</kind>
         <file>libclang_rt.builtins.a</file>
         <name>aeabi_ldivmod.S.obj</name>
      </input_file>
      <input_file id="fl-cb">
         <path>C:\ti\ccstheia151\ccs\tools\compiler\ti-cgt-armllvm_4.0.0.LTS\lib\armv6m-ti-none-eabi\</path>
         <kind>archive</kind>
         <file>libclang_rt.builtins.a</file>
         <name>aeabi_memcpy.S.obj</name>
      </input_file>
      <input_file id="fl-cc">
         <path>C:\ti\ccstheia151\ccs\tools\compiler\ti-cgt-armllvm_4.0.0.LTS\lib\armv6m-ti-none-eabi\</path>
         <kind>archive</kind>
         <file>libclang_rt.builtins.a</file>
         <name>aeabi_memset.S.obj</name>
      </input_file>
      <input_file id="fl-cd">
         <path>C:\ti\ccstheia151\ccs\tools\compiler\ti-cgt-armllvm_4.0.0.LTS\lib\armv6m-ti-none-eabi\</path>
         <kind>archive</kind>
         <file>libclang_rt.builtins.a</file>
         <name>divmoddi4.c.obj</name>
      </input_file>
      <input_file id="fl-ce">
         <path>C:\ti\ccstheia151\ccs\tools\compiler\ti-cgt-armllvm_4.0.0.LTS\lib\armv6m-ti-none-eabi\</path>
         <kind>archive</kind>
         <file>libclang_rt.builtins.a</file>
         <name>aeabi_div0.c.obj</name>
      </input_file>
      <input_file id="fl-cf">
         <path>C:\ti\ccstheia151\ccs\tools\compiler\ti-cgt-armllvm_4.0.0.LTS\lib\armv6m-ti-none-eabi\</path>
         <kind>archive</kind>
         <file>libclang_rt.builtins.a</file>
         <name>udivmoddi4.S.obj</name>
      </input_file>
      <input_file id="fl-d0">
         <path>C:\ti\ccstheia151\ccs\tools\compiler\ti-cgt-armllvm_4.0.0.LTS\lib\armv6m-ti-none-eabi\</path>
         <kind>archive</kind>
         <file>libclang_rt.builtins.a</file>
         <name>ashldi3.S.obj</name>
      </input_file>
      <input_file id="fl-d1">
         <path>C:\ti\ccstheia151\ccs\tools\compiler\ti-cgt-armllvm_4.0.0.LTS\lib\armv6m-ti-none-eabi\c\</path>
         <kind>archive</kind>
         <file>libc.a</file>
         <name>memcpy16.S.obj</name>
      </input_file>
      <input_file id="fl-d2">
         <path>C:\ti\ccstheia151\ccs\tools\compiler\ti-cgt-armllvm_4.0.0.LTS\lib\armv6m-ti-none-eabi\c\</path>
         <kind>archive</kind>
         <file>libc.a</file>
         <name>memset16.S.obj</name>
      </input_file>
   </input_file_list>
   <object_component_list>
      <object_component id="oc-18">
         <name>.intvecs</name>
         <load_address>0x0</load_address>
         <readonly>true</readonly>
         <run_address>0x0</run_address>
         <size>0xc0</size>
         <alignment>0x4</alignment>
         <input_file_ref idref="fl-3"/>
      </object_component>
      <object_component id="oc-34">
         <name>.text.ADC0_IRQHandler</name>
         <load_address>0xc0</load_address>
         <readonly>true</readonly>
         <executable>true</executable>
         <run_address>0xc0</run_address>
         <size>0x170</size>
         <alignment>0x4</alignment>
         <input_file_ref idref="fl-1"/>
      </object_component>
      <object_component id="oc-ff">
         <name>.text.DL_Timer_initTimerMode</name>
         <load_address>0x230</load_address>
         <readonly>true</readonly>
         <executable>true</executable>
         <run_address>0x230</run_address>
         <size>0xfc</size>
         <alignment>0x4</alignment>
         <input_file_ref idref="fl-14"/>
      </object_component>
      <object_component id="oc-ba">
         <name>.text</name>
         <load_address>0x32c</load_address>
         <readonly>true</readonly>
         <executable>true</executable>
         <run_address>0x32c</run_address>
         <size>0xa2</size>
         <alignment>0x4</alignment>
         <input_file_ref idref="fl-cf"/>
      </object_component>
      <object_component id="oc-8b">
         <name>.text.__aeabi_idiv0</name>
         <load_address>0x3ce</load_address>
         <readonly>true</readonly>
         <executable>true</executable>
         <run_address>0x3ce</run_address>
         <size>0x2</size>
         <alignment>0x2</alignment>
         <input_file_ref idref="fl-ce"/>
      </object_component>
      <object_component id="oc-cf">
         <name>.text.SYSCFG_DL_ADC12_0_init</name>
         <load_address>0x3d0</load_address>
         <readonly>true</readonly>
         <executable>true</executable>
         <run_address>0x3d0</run_address>
         <size>0x7c</size>
         <alignment>0x4</alignment>
         <input_file_ref idref="fl-2"/>
      </object_component>
      <object_component id="oc-1c">
         <name>.text:decompress:lzss</name>
         <load_address>0x44c</load_address>
         <readonly>true</readonly>
         <executable>true</executable>
         <run_address>0x44c</run_address>
         <size>0x7c</size>
         <alignment>0x4</alignment>
         <input_file_ref idref="fl-30"/>
      </object_component>
      <object_component id="oc-10b">
         <name>.text.DL_ADC12_initSingleSample</name>
         <load_address>0x4c8</load_address>
         <readonly>true</readonly>
         <executable>true</executable>
         <run_address>0x4c8</run_address>
         <size>0x64</size>
         <alignment>0x4</alignment>
         <input_file_ref idref="fl-2"/>
      </object_component>
      <object_component id="oc-62">
         <name>.text.__aeabi_idivmod</name>
         <load_address>0x52c</load_address>
         <readonly>true</readonly>
         <executable>true</executable>
         <run_address>0x52c</run_address>
         <size>0x56</size>
         <alignment>0x4</alignment>
         <input_file_ref idref="fl-c9"/>
      </object_component>
      <object_component id="oc-df">
         <name>.text.__aeabi_ldiv0</name>
         <load_address>0x582</load_address>
         <readonly>true</readonly>
         <executable>true</executable>
         <run_address>0x582</run_address>
         <size>0x2</size>
         <alignment>0x2</alignment>
         <input_file_ref idref="fl-ce"/>
      </object_component>
      <object_component id="oc-cc">
         <name>.text.SYSCFG_DL_GPIO_init</name>
         <load_address>0x584</load_address>
         <readonly>true</readonly>
         <executable>true</executable>
         <run_address>0x584</run_address>
         <size>0x54</size>
         <alignment>0x4</alignment>
         <input_file_ref idref="fl-2"/>
      </object_component>
      <object_component id="oc-cb">
         <name>.text.SYSCFG_DL_initPower</name>
         <load_address>0x5d8</load_address>
         <readonly>true</readonly>
         <executable>true</executable>
         <run_address>0x5d8</run_address>
         <size>0x54</size>
         <alignment>0x4</alignment>
         <input_file_ref idref="fl-2"/>
      </object_component>
      <object_component id="oc-10c">
         <name>.text.DL_ADC12_configConversionMem</name>
         <load_address>0x62c</load_address>
         <readonly>true</readonly>
         <executable>true</executable>
         <run_address>0x62c</run_address>
         <size>0x4a</size>
         <alignment>0x2</alignment>
         <input_file_ref idref="fl-2"/>
      </object_component>
      <object_component id="oc-ce">
         <name>.text.SYSCFG_DL_TIMER_0_init</name>
         <load_address>0x678</load_address>
         <readonly>true</readonly>
         <executable>true</executable>
         <run_address>0x678</run_address>
         <size>0x44</size>
         <alignment>0x4</alignment>
         <input_file_ref idref="fl-2"/>
      </object_component>
      <object_component id="oc-105">
         <name>.text.DL_ADC12_setClockConfig</name>
         <load_address>0x6bc</load_address>
         <readonly>true</readonly>
         <executable>true</executable>
         <run_address>0x6bc</run_address>
         <size>0x40</size>
         <alignment>0x4</alignment>
         <input_file_ref idref="fl-12"/>
      </object_component>
      <object_component id="oc-86">
         <name>.text.__divmoddi4</name>
         <load_address>0x6fc</load_address>
         <readonly>true</readonly>
         <executable>true</executable>
         <run_address>0x6fc</run_address>
         <size>0x3e</size>
         <alignment>0x2</alignment>
         <input_file_ref idref="fl-cd"/>
      </object_component>
      <object_component id="oc-a8">
         <name>.text:__TI_auto_init_nobinit_nopinit</name>
         <load_address>0x73c</load_address>
         <readonly>true</readonly>
         <executable>true</executable>
         <run_address>0x73c</run_address>
         <size>0x3c</size>
         <alignment>0x4</alignment>
         <input_file_ref idref="fl-2b"/>
      </object_component>
      <object_component id="oc-102">
         <name>.text.DL_Timer_setPublisherChanID</name>
         <load_address>0x778</load_address>
         <readonly>true</readonly>
         <executable>true</executable>
         <run_address>0x778</run_address>
         <size>0x38</size>
         <alignment>0x4</alignment>
         <input_file_ref idref="fl-2"/>
      </object_component>
      <object_component id="oc-5d">
         <name>.text.DL_ADC12_getMemResult</name>
         <load_address>0x7b0</load_address>
         <readonly>true</readonly>
         <executable>true</executable>
         <run_address>0x7b0</run_address>
         <size>0x30</size>
         <alignment>0x4</alignment>
         <input_file_ref idref="fl-1"/>
      </object_component>
      <object_component id="oc-66">
         <name>.text.DL_GPIO_writePinsVal</name>
         <load_address>0x7e0</load_address>
         <readonly>true</readonly>
         <executable>true</executable>
         <run_address>0x7e0</run_address>
         <size>0x30</size>
         <alignment>0x2</alignment>
         <input_file_ref idref="fl-1"/>
      </object_component>
      <object_component id="oc-a0">
         <name>.text.__NVIC_EnableIRQ</name>
         <load_address>0x810</load_address>
         <readonly>true</readonly>
         <executable>true</executable>
         <run_address>0x810</run_address>
         <size>0x2c</size>
         <alignment>0x4</alignment>
         <input_file_ref idref="fl-1"/>
      </object_component>
      <object_component id="oc-cd">
         <name>.text.SYSCFG_DL_SYSCTL_init</name>
         <load_address>0x83c</load_address>
         <readonly>true</readonly>
         <executable>true</executable>
         <run_address>0x83c</run_address>
         <size>0x2a</size>
         <alignment>0x2</alignment>
         <input_file_ref idref="fl-2"/>
      </object_component>
      <object_component id="oc-121">
         <name>.text.DL_Common_updateReg</name>
         <load_address>0x866</load_address>
         <readonly>true</readonly>
         <executable>true</executable>
         <run_address>0x866</run_address>
         <size>0x28</size>
         <alignment>0x2</alignment>
         <input_file_ref idref="fl-2"/>
      </object_component>
      <object_component id="oc-101">
         <name>.text.DL_Timer_enableEvent</name>
         <load_address>0x890</load_address>
         <readonly>true</readonly>
         <executable>true</executable>
         <run_address>0x890</run_address>
         <size>0x28</size>
         <alignment>0x4</alignment>
         <input_file_ref idref="fl-2"/>
      </object_component>
      <object_component id="oc-54">
         <name>.text:_c_int00_noargs</name>
         <load_address>0x8b8</load_address>
         <readonly>true</readonly>
         <executable>true</executable>
         <run_address>0x8b8</run_address>
         <size>0x28</size>
         <alignment>0x4</alignment>
         <input_file_ref idref="fl-29"/>
      </object_component>
      <object_component id="oc-9b">
         <name>.text.SYSCFG_DL_init</name>
         <load_address>0x8e0</load_address>
         <readonly>true</readonly>
         <executable>true</executable>
         <run_address>0x8e0</run_address>
         <size>0x24</size>
         <alignment>0x4</alignment>
         <input_file_ref idref="fl-2"/>
      </object_component>
      <object_component id="oc-10d">
         <name>.text.DL_ADC12_setPowerDownMode</name>
         <load_address>0x904</load_address>
         <readonly>true</readonly>
         <executable>true</executable>
         <run_address>0x904</run_address>
         <size>0x1e</size>
         <alignment>0x2</alignment>
         <input_file_ref idref="fl-2"/>
      </object_component>
      <object_component id="oc-e0">
         <name>.text.__ashldi3</name>
         <load_address>0x924</load_address>
         <readonly>true</readonly>
         <executable>true</executable>
         <run_address>0x924</run_address>
         <size>0x1e</size>
         <alignment>0x4</alignment>
         <input_file_ref idref="fl-d0"/>
      </object_component>
      <object_component id="oc-110">
         <name>.text.DL_ADC12_clearInterruptStatus</name>
         <load_address>0x944</load_address>
         <readonly>true</readonly>
         <executable>true</executable>
         <run_address>0x944</run_address>
         <size>0x1c</size>
         <alignment>0x4</alignment>
         <input_file_ref idref="fl-2"/>
      </object_component>
      <object_component id="oc-111">
         <name>.text.DL_ADC12_enableInterrupt</name>
         <load_address>0x960</load_address>
         <readonly>true</readonly>
         <executable>true</executable>
         <run_address>0x960</run_address>
         <size>0x1c</size>
         <alignment>0x4</alignment>
         <input_file_ref idref="fl-2"/>
      </object_component>
      <object_component id="oc-f8">
         <name>.text.DL_SYSCTL_setMCLKDivider</name>
         <load_address>0x97c</load_address>
         <readonly>true</readonly>
         <executable>true</executable>
         <run_address>0x97c</run_address>
         <size>0x1c</size>
         <alignment>0x4</alignment>
         <input_file_ref idref="fl-2"/>
      </object_component>
      <object_component id="oc-f4">
         <name>.text.DL_SYSCTL_setSYSOSCFreq</name>
         <load_address>0x998</load_address>
         <readonly>true</readonly>
         <executable>true</executable>
         <run_address>0x998</run_address>
         <size>0x1c</size>
         <alignment>0x4</alignment>
         <input_file_ref idref="fl-2"/>
      </object_component>
      <object_component id="oc-f7">
         <name>.text.DL_SYSCTL_setULPCLKDivider</name>
         <load_address>0x9b4</load_address>
         <readonly>true</readonly>
         <executable>true</executable>
         <run_address>0x9b4</run_address>
         <size>0x1c</size>
         <alignment>0x4</alignment>
         <input_file_ref idref="fl-2"/>
      </object_component>
      <object_component id="oc-f9">
         <name>.text.DL_Timer_setClockConfig</name>
         <load_address>0x9d0</load_address>
         <readonly>true</readonly>
         <executable>true</executable>
         <run_address>0x9d0</run_address>
         <size>0x1c</size>
         <alignment>0x4</alignment>
         <input_file_ref idref="fl-14"/>
      </object_component>
      <object_component id="oc-10f">
         <name>.text.DL_ADC12_setSubscriberChanID</name>
         <load_address>0x9ec</load_address>
         <readonly>true</readonly>
         <executable>true</executable>
         <run_address>0x9ec</run_address>
         <size>0x1a</size>
         <alignment>0x2</alignment>
         <input_file_ref idref="fl-2"/>
      </object_component>
      <object_component id="oc-eb">
         <name>.text.DL_ADC12_enablePower</name>
         <load_address>0xa08</load_address>
         <readonly>true</readonly>
         <executable>true</executable>
         <run_address>0xa08</run_address>
         <size>0x18</size>
         <alignment>0x4</alignment>
         <input_file_ref idref="fl-2"/>
      </object_component>
      <object_component id="oc-e8">
         <name>.text.DL_ADC12_reset</name>
         <load_address>0xa20</load_address>
         <readonly>true</readonly>
         <executable>true</executable>
         <run_address>0xa20</run_address>
         <size>0x18</size>
         <alignment>0x4</alignment>
         <input_file_ref idref="fl-2"/>
      </object_component>
      <object_component id="oc-10e">
         <name>.text.DL_ADC12_setSampleTime0</name>
         <load_address>0xa38</load_address>
         <readonly>true</readonly>
         <executable>true</executable>
         <run_address>0xa38</run_address>
         <size>0x18</size>
         <alignment>0x4</alignment>
         <input_file_ref idref="fl-2"/>
      </object_component>
      <object_component id="oc-f2">
         <name>.text.DL_GPIO_enableOutput</name>
         <load_address>0xa50</load_address>
         <readonly>true</readonly>
         <executable>true</executable>
         <run_address>0xa50</run_address>
         <size>0x18</size>
         <alignment>0x4</alignment>
         <input_file_ref idref="fl-2"/>
      </object_component>
      <object_component id="oc-e9">
         <name>.text.DL_GPIO_enablePower</name>
         <load_address>0xa68</load_address>
         <readonly>true</readonly>
         <executable>true</executable>
         <run_address>0xa68</run_address>
         <size>0x18</size>
         <alignment>0x4</alignment>
         <input_file_ref idref="fl-2"/>
      </object_component>
      <object_component id="oc-f0">
         <name>.text.DL_GPIO_initDigitalOutput</name>
         <load_address>0xa80</load_address>
         <readonly>true</readonly>
         <executable>true</executable>
         <run_address>0xa80</run_address>
         <size>0x18</size>
         <alignment>0x4</alignment>
         <input_file_ref idref="fl-2"/>
      </object_component>
      <object_component id="oc-e6">
         <name>.text.DL_GPIO_reset</name>
         <load_address>0xa98</load_address>
         <readonly>true</readonly>
         <executable>true</executable>
         <run_address>0xa98</run_address>
         <size>0x18</size>
         <alignment>0x4</alignment>
         <input_file_ref idref="fl-2"/>
      </object_component>
      <object_component id="oc-f3">
         <name>.text.DL_SYSCTL_setBORThreshold</name>
         <load_address>0xab0</load_address>
         <readonly>true</readonly>
         <executable>true</executable>
         <run_address>0xab0</run_address>
         <size>0x18</size>
         <alignment>0x4</alignment>
         <input_file_ref idref="fl-2"/>
      </object_component>
      <object_component id="oc-ea">
         <name>.text.DL_Timer_enablePower</name>
         <load_address>0xac8</load_address>
         <readonly>true</readonly>
         <executable>true</executable>
         <run_address>0xac8</run_address>
         <size>0x18</size>
         <alignment>0x4</alignment>
         <input_file_ref idref="fl-2"/>
      </object_component>
      <object_component id="oc-e7">
         <name>.text.DL_Timer_reset</name>
         <load_address>0xae0</load_address>
         <readonly>true</readonly>
         <executable>true</executable>
         <run_address>0xae0</run_address>
         <size>0x18</size>
         <alignment>0x4</alignment>
         <input_file_ref idref="fl-2"/>
      </object_component>
      <object_component id="oc-67">
         <name>.text.DL_Timer_startCounter</name>
         <load_address>0xaf8</load_address>
         <readonly>true</readonly>
         <executable>true</executable>
         <run_address>0xaf8</run_address>
         <size>0x18</size>
         <alignment>0x4</alignment>
         <input_file_ref idref="fl-1"/>
      </object_component>
      <object_component id="oc-5c">
         <name>.text.DL_Timer_stopCounter</name>
         <load_address>0xb10</load_address>
         <readonly>true</readonly>
         <executable>true</executable>
         <run_address>0xb10</run_address>
         <size>0x18</size>
         <alignment>0x4</alignment>
         <input_file_ref idref="fl-1"/>
      </object_component>
      <object_component id="oc-112">
         <name>.text.DL_ADC12_enableConversions</name>
         <load_address>0xb28</load_address>
         <readonly>true</readonly>
         <executable>true</executable>
         <run_address>0xb28</run_address>
         <size>0x16</size>
         <alignment>0x2</alignment>
         <input_file_ref idref="fl-2"/>
      </object_component>
      <object_component id="oc-7b">
         <name>.text.main</name>
         <load_address>0xb3e</load_address>
         <readonly>true</readonly>
         <executable>true</executable>
         <run_address>0xb3e</run_address>
         <size>0x16</size>
         <alignment>0x2</alignment>
         <input_file_ref idref="fl-1"/>
      </object_component>
      <object_component id="oc-4b">
         <name>.text:decompress:ZI:__TI_zero_init_nomemset</name>
         <load_address>0xb54</load_address>
         <readonly>true</readonly>
         <executable>true</executable>
         <run_address>0xb54</run_address>
         <size>0x16</size>
         <alignment>0x2</alignment>
         <input_file_ref idref="fl-2e"/>
      </object_component>
      <object_component id="oc-f1">
         <name>.text.DL_GPIO_clearPins</name>
         <load_address>0xb6a</load_address>
         <readonly>true</readonly>
         <executable>true</executable>
         <run_address>0xb6a</run_address>
         <size>0x14</size>
         <alignment>0x2</alignment>
         <input_file_ref idref="fl-2"/>
      </object_component>
      <object_component id="oc-f6">
         <name>.text.DL_SYSCTL_disableSYSPLL</name>
         <load_address>0xb80</load_address>
         <readonly>true</readonly>
         <executable>true</executable>
         <run_address>0xb80</run_address>
         <size>0x14</size>
         <alignment>0x4</alignment>
         <input_file_ref idref="fl-2"/>
      </object_component>
      <object_component id="oc-100">
         <name>.text.DL_Timer_enableClock</name>
         <load_address>0xb94</load_address>
         <readonly>true</readonly>
         <executable>true</executable>
         <run_address>0xb94</run_address>
         <size>0x14</size>
         <alignment>0x4</alignment>
         <input_file_ref idref="fl-2"/>
      </object_component>
      <object_component id="oc-5e">
         <name>.text.__aeabi_ldivmod</name>
         <load_address>0xba8</load_address>
         <readonly>true</readonly>
         <executable>true</executable>
         <run_address>0xba8</run_address>
         <size>0x14</size>
         <alignment>0x4</alignment>
         <input_file_ref idref="fl-ca"/>
      </object_component>
      <object_component id="oc-5b">
         <name>.text.DL_ADC12_getPendingInterrupt</name>
         <load_address>0xbbc</load_address>
         <readonly>true</readonly>
         <executable>true</executable>
         <run_address>0xbbc</run_address>
         <size>0x12</size>
         <alignment>0x2</alignment>
         <input_file_ref idref="fl-1"/>
      </object_component>
      <object_component id="oc-91">
         <name>.text:TI_memcpy_small</name>
         <load_address>0xbce</load_address>
         <readonly>true</readonly>
         <executable>true</executable>
         <run_address>0xbce</run_address>
         <size>0x12</size>
         <alignment>0x1</alignment>
         <input_file_ref idref="fl-d1"/>
      </object_component>
      <object_component id="oc-20">
         <name>.text:decompress:none</name>
         <load_address>0xbe0</load_address>
         <readonly>true</readonly>
         <executable>true</executable>
         <run_address>0xbe0</run_address>
         <size>0x12</size>
         <alignment>0x2</alignment>
         <input_file_ref idref="fl-2f"/>
      </object_component>
      <object_component id="oc-f5">
         <name>.text.DL_SYSCTL_disableHFXT</name>
         <load_address>0xbf4</load_address>
         <readonly>true</readonly>
         <executable>true</executable>
         <run_address>0xbf4</run_address>
         <size>0x10</size>
         <alignment>0x4</alignment>
         <input_file_ref idref="fl-2"/>
      </object_component>
      <object_component id="oc-ec">
         <name>.text.DL_Common_delayCycles</name>
         <load_address>0xc04</load_address>
         <readonly>true</readonly>
         <executable>true</executable>
         <run_address>0xc04</run_address>
         <size>0xa</size>
         <alignment>0x2</alignment>
         <input_file_ref idref="fl-13"/>
      </object_component>
      <object_component id="oc-44">
         <name>.text.__aeabi_memcpy</name>
         <load_address>0xc10</load_address>
         <readonly>true</readonly>
         <executable>true</executable>
         <run_address>0xc10</run_address>
         <size>0x8</size>
         <alignment>0x4</alignment>
         <input_file_ref idref="fl-cb"/>
      </object_component>
      <object_component id="oc-33">
         <name>.text.Default_Handler</name>
         <load_address>0xc18</load_address>
         <readonly>true</readonly>
         <executable>true</executable>
         <run_address>0xc18</run_address>
         <size>0x4</size>
         <alignment>0x2</alignment>
         <input_file_ref idref="fl-3"/>
      </object_component>
      <object_component id="oc-2f">
         <name>.text.Reset_Handler</name>
         <load_address>0xc1c</load_address>
         <readonly>true</readonly>
         <executable>true</executable>
         <run_address>0xc1c</run_address>
         <size>0x4</size>
         <alignment>0x2</alignment>
         <input_file_ref idref="fl-3"/>
      </object_component>
      <object_component id="oc-77">
         <name>.text._system_pre_init</name>
         <load_address>0xc20</load_address>
         <readonly>true</readonly>
         <executable>true</executable>
         <run_address>0xc20</run_address>
         <size>0x4</size>
         <alignment>0x2</alignment>
         <input_file_ref idref="fl-2c"/>
      </object_component>
      <object_component id="oc-a1">
         <name>.text:abort</name>
         <load_address>0xc24</load_address>
         <readonly>true</readonly>
         <executable>true</executable>
         <run_address>0xc24</run_address>
         <size>0x4</size>
         <alignment>0x2</alignment>
         <input_file_ref idref="fl-31"/>
      </object_component>
      <object_component id="oc-165">
         <name>__TI_handler_table</name>
         <load_address>0xc48</load_address>
         <readonly>true</readonly>
         <run_address>0xc48</run_address>
         <size>0xc</size>
         <alignment>0x4</alignment>
      </object_component>
      <object_component id="oc-167">
         <name>.cinit..data.load</name>
         <load_address>0xc54</load_address>
         <readonly>true</readonly>
         <run_address>0xc54</run_address>
         <size>0x9</size>
         <alignment>0x1</alignment>
      </object_component>
      <object_component id="oc-168">
         <name>.cinit..bss.load</name>
         <load_address>0xc60</load_address>
         <readonly>true</readonly>
         <run_address>0xc60</run_address>
         <size>0x8</size>
         <alignment>0x4</alignment>
      </object_component>
      <object_component id="oc-166">
         <name>__TI_cinit_table</name>
         <load_address>0xc68</load_address>
         <readonly>true</readonly>
         <run_address>0xc68</run_address>
         <size>0x10</size>
         <alignment>0x4</alignment>
      </object_component>
      <object_component id="oc-104">
         <name>.rodata.gTIMER_0TimerConfig</name>
         <load_address>0xc28</load_address>
         <readonly>true</readonly>
         <run_address>0xc28</run_address>
         <size>0x14</size>
         <alignment>0x4</alignment>
         <input_file_ref idref="fl-2"/>
      </object_component>
      <object_component id="oc-113">
         <name>.rodata.gADC12_0ClockConfig</name>
         <load_address>0xc3c</load_address>
         <readonly>true</readonly>
         <run_address>0xc3c</run_address>
         <size>0x8</size>
         <alignment>0x4</alignment>
         <input_file_ref idref="fl-2"/>
      </object_component>
      <object_component id="oc-103">
         <name>.rodata.gTIMER_0ClockConfig</name>
         <load_address>0xc44</load_address>
         <readonly>true</readonly>
         <run_address>0xc44</run_address>
         <size>0x3</size>
         <alignment>0x1</alignment>
         <input_file_ref idref="fl-2"/>
      </object_component>
      <object_component id="oc-12f">
         <name>.binit</name>
         <load_address>0x0</load_address>
         <readonly>true</readonly>
         <run_address>0x0</run_address>
         <size>0x0</size>
         <alignment>0x4</alignment>
      </object_component>
      <object_component id="oc-69">
         <name>.data.bufferSample</name>
         <load_address>0x20200000</load_address>
         <readwrite>true</readwrite>
         <run_address>0x20200000</run_address>
         <size>0xfa0</size>
         <alignment>0x4</alignment>
         <input_file_ref idref="fl-1"/>
      </object_component>
      <object_component id="oc-68">
         <name>.data.sampleIndex</name>
         <load_address>0x20200fac</load_address>
         <readwrite>true</readwrite>
         <run_address>0x20200fac</run_address>
         <size>0x4</size>
         <alignment>0x4</alignment>
         <input_file_ref idref="fl-1"/>
      </object_component>
      <object_component id="oc-6b">
         <name>.data.movingAverageOutput</name>
         <load_address>0x20200fa8</load_address>
         <readwrite>true</readwrite>
         <run_address>0x20200fa8</run_address>
         <size>0x4</size>
         <alignment>0x4</alignment>
         <input_file_ref idref="fl-1"/>
      </object_component>
      <object_component id="oc-6a">
         <name>.data.runningSum</name>
         <load_address>0x20200fa0</load_address>
         <readwrite>true</readwrite>
         <run_address>0x20200fa0</run_address>
         <size>0x8</size>
         <alignment>0x8</alignment>
         <input_file_ref idref="fl-1"/>
      </object_component>
      <object_component id="oc-d0">
         <name>.common:gTIMER_0Backup</name>
         <uninitialized>true</uninitialized>
         <readwrite>true</readwrite>
         <run_address>0x20200fb0</run_address>
         <size>0xbc</size>
         <alignment>0x4</alignment>
      </object_component>
      <object_component id="oc-1a">
         <name>.stack</name>
         <uninitialized>true</uninitialized>
         <readwrite>true</readwrite>
         <run_address>0x20207e00</run_address>
         <size>0x4</size>
         <alignment>0x4</alignment>
         <input_file_ref idref="fl-29"/>
      </object_component>
      <object_component id="oc-16a">
         <name>.stack</name>
         <uninitialized>true</uninitialized>
         <readwrite>true</readwrite>
         <run_address>0x20207e00</run_address>
         <size>0x0</size>
         <alignment>0x8</alignment>
      </object_component>
      <object_component id="oc-6c">
         <name>.debug_abbrev</name>
         <load_address>0x0</load_address>
         <run_address>0x0</run_address>
         <size>0x1a1</size>
         <alignment>0x1</alignment>
         <input_file_ref idref="fl-1"/>
      </object_component>
      <object_component id="oc-d1">
         <name>.debug_abbrev</name>
         <load_address>0x1a1</load_address>
         <run_address>0x1a1</run_address>
         <size>0x1c1</size>
         <alignment>0x1</alignment>
         <input_file_ref idref="fl-2"/>
      </object_component>
      <object_component id="oc-39">
         <name>.debug_abbrev</name>
         <load_address>0x362</load_address>
         <run_address>0x362</run_address>
         <size>0x6d</size>
         <alignment>0x1</alignment>
         <input_file_ref idref="fl-3"/>
      </object_component>
      <object_component id="oc-124">
         <name>.debug_abbrev</name>
         <load_address>0x3cf</load_address>
         <run_address>0x3cf</run_address>
         <size>0x171</size>
         <alignment>0x1</alignment>
         <input_file_ref idref="fl-12"/>
      </object_component>
      <object_component id="oc-11e">
         <name>.debug_abbrev</name>
         <load_address>0x540</load_address>
         <run_address>0x540</run_address>
         <size>0x62</size>
         <alignment>0x1</alignment>
         <input_file_ref idref="fl-13"/>
      </object_component>
      <object_component id="oc-122">
         <name>.debug_abbrev</name>
         <load_address>0x5a2</load_address>
         <run_address>0x5a2</run_address>
         <size>0x286</size>
         <alignment>0x1</alignment>
         <input_file_ref idref="fl-14"/>
      </object_component>
      <object_component id="oc-3b">
         <name>.debug_abbrev</name>
         <load_address>0x828</load_address>
         <run_address>0x828</run_address>
         <size>0xaf</size>
         <alignment>0x1</alignment>
         <input_file_ref idref="fl-29"/>
      </object_component>
      <object_component id="oc-d9">
         <name>.debug_abbrev</name>
         <load_address>0x8d7</load_address>
         <run_address>0x8d7</run_address>
         <size>0x170</size>
         <alignment>0x1</alignment>
         <input_file_ref idref="fl-2b"/>
      </object_component>
      <object_component id="oc-99">
         <name>.debug_abbrev</name>
         <load_address>0xa47</load_address>
         <run_address>0xa47</run_address>
         <size>0x39</size>
         <alignment>0x1</alignment>
         <input_file_ref idref="fl-2c"/>
      </object_component>
      <object_component id="oc-70">
         <name>.debug_abbrev</name>
         <load_address>0xa80</load_address>
         <run_address>0xa80</run_address>
         <size>0xc2</size>
         <alignment>0x1</alignment>
         <input_file_ref idref="fl-2e"/>
      </object_component>
      <object_component id="oc-48">
         <name>.debug_abbrev</name>
         <load_address>0xb42</load_address>
         <run_address>0xb42</run_address>
         <size>0x70</size>
         <alignment>0x1</alignment>
         <input_file_ref idref="fl-2f"/>
      </object_component>
      <object_component id="oc-40">
         <name>.debug_abbrev</name>
         <load_address>0xbb2</load_address>
         <run_address>0xbb2</run_address>
         <size>0x8d</size>
         <alignment>0x1</alignment>
         <input_file_ref idref="fl-30"/>
      </object_component>
      <object_component id="oc-d3">
         <name>.debug_abbrev</name>
         <load_address>0xc3f</load_address>
         <run_address>0xc3f</run_address>
         <size>0xb3</size>
         <alignment>0x1</alignment>
         <input_file_ref idref="fl-31"/>
      </object_component>
      <object_component id="oc-90">
         <name>.debug_abbrev</name>
         <load_address>0xcf2</load_address>
         <run_address>0xcf2</run_address>
         <size>0x27</size>
         <alignment>0x1</alignment>
         <input_file_ref idref="fl-c9"/>
      </object_component>
      <object_component id="oc-8a">
         <name>.debug_abbrev</name>
         <load_address>0xd19</load_address>
         <run_address>0xd19</run_address>
         <size>0x27</size>
         <alignment>0x1</alignment>
         <input_file_ref idref="fl-ca"/>
      </object_component>
      <object_component id="oc-6f">
         <name>.debug_abbrev</name>
         <load_address>0xd40</load_address>
         <run_address>0xd40</run_address>
         <size>0x27</size>
         <alignment>0x1</alignment>
         <input_file_ref idref="fl-cb"/>
      </object_component>
      <object_component id="oc-be">
         <name>.debug_abbrev</name>
         <load_address>0xd67</load_address>
         <run_address>0xd67</run_address>
         <size>0xaf</size>
         <alignment>0x1</alignment>
         <input_file_ref idref="fl-cd"/>
      </object_component>
      <object_component id="oc-c1">
         <name>.debug_abbrev</name>
         <load_address>0xe16</load_address>
         <run_address>0xe16</run_address>
         <size>0x59</size>
         <alignment>0x1</alignment>
         <input_file_ref idref="fl-ce"/>
      </object_component>
      <object_component id="oc-e4">
         <name>.debug_abbrev</name>
         <load_address>0xe6f</load_address>
         <run_address>0xe6f</run_address>
         <size>0x27</size>
         <alignment>0x1</alignment>
         <input_file_ref idref="fl-cf"/>
      </object_component>
      <object_component id="oc-11d">
         <name>.debug_abbrev</name>
         <load_address>0xe96</load_address>
         <run_address>0xe96</run_address>
         <size>0x27</size>
         <alignment>0x1</alignment>
         <input_file_ref idref="fl-d0"/>
      </object_component>
      <object_component id="oc-c4">
         <name>.debug_abbrev</name>
         <load_address>0xebd</load_address>
         <run_address>0xebd</run_address>
         <size>0x25</size>
         <alignment>0x1</alignment>
         <input_file_ref idref="fl-d1"/>
      </object_component>
      <object_component id="oc-16c">
         <name>.debug_abbrev</name>
         <load_address>0xee2</load_address>
         <run_address>0xee2</run_address>
         <size>0xf</size>
         <alignment>0x0</alignment>
      </object_component>
      <object_component id="oc-37">
         <name>.debug_info</name>
         <load_address>0x0</load_address>
         <run_address>0x0</run_address>
         <size>0x1641</size>
         <alignment>0x1</alignment>
         <input_file_ref idref="fl-1"/>
      </object_component>
      <object_component id="oc-9d">
         <name>.debug_info</name>
         <load_address>0x1641</load_address>
         <run_address>0x1641</run_address>
         <size>0x26f5</size>
         <alignment>0x1</alignment>
         <input_file_ref idref="fl-2"/>
      </object_component>
      <object_component id="oc-19">
         <name>.debug_info</name>
         <load_address>0x3d36</load_address>
         <run_address>0x3d36</run_address>
         <size>0x80</size>
         <alignment>0x1</alignment>
         <input_file_ref idref="fl-3"/>
      </object_component>
      <object_component id="oc-106">
         <name>.debug_info</name>
         <load_address>0x3db6</load_address>
         <run_address>0x3db6</run_address>
         <size>0x745</size>
         <alignment>0x1</alignment>
         <input_file_ref idref="fl-12"/>
      </object_component>
      <object_component id="oc-ed">
         <name>.debug_info</name>
         <load_address>0x44fb</load_address>
         <run_address>0x44fb</run_address>
         <size>0x75</size>
         <alignment>0x1</alignment>
         <input_file_ref idref="fl-13"/>
      </object_component>
      <object_component id="oc-fb">
         <name>.debug_info</name>
         <load_address>0x4570</load_address>
         <run_address>0x4570</run_address>
         <size>0x32ed</size>
         <alignment>0x1</alignment>
         <input_file_ref idref="fl-14"/>
      </object_component>
      <object_component id="oc-1b">
         <name>.debug_info</name>
         <load_address>0x785d</load_address>
         <run_address>0x785d</run_address>
         <size>0x423</size>
         <alignment>0x1</alignment>
         <input_file_ref idref="fl-29"/>
      </object_component>
      <object_component id="oc-a9">
         <name>.debug_info</name>
         <load_address>0x7c80</load_address>
         <run_address>0x7c80</run_address>
         <size>0x744</size>
         <alignment>0x1</alignment>
         <input_file_ref idref="fl-2b"/>
      </object_component>
      <object_component id="oc-78">
         <name>.debug_info</name>
         <load_address>0x83c4</load_address>
         <run_address>0x83c4</run_address>
         <size>0x46</size>
         <alignment>0x1</alignment>
         <input_file_ref idref="fl-2c"/>
      </object_component>
      <object_component id="oc-4f">
         <name>.debug_info</name>
         <load_address>0x840a</load_address>
         <run_address>0x840a</run_address>
         <size>0x192</size>
         <alignment>0x1</alignment>
         <input_file_ref idref="fl-2e"/>
      </object_component>
      <object_component id="oc-22">
         <name>.debug_info</name>
         <load_address>0x859c</load_address>
         <run_address>0x859c</run_address>
         <size>0xc6</size>
         <alignment>0x1</alignment>
         <input_file_ref idref="fl-2f"/>
      </object_component>
      <object_component id="oc-1d">
         <name>.debug_info</name>
         <load_address>0x8662</load_address>
         <run_address>0x8662</run_address>
         <size>0x17c</size>
         <alignment>0x1</alignment>
         <input_file_ref idref="fl-30"/>
      </object_component>
      <object_component id="oc-a4">
         <name>.debug_info</name>
         <load_address>0x87de</load_address>
         <run_address>0x87de</run_address>
         <size>0xed</size>
         <alignment>0x1</alignment>
         <input_file_ref idref="fl-31"/>
      </object_component>
      <object_component id="oc-65">
         <name>.debug_info</name>
         <load_address>0x88cb</load_address>
         <run_address>0x88cb</run_address>
         <size>0x1b9</size>
         <alignment>0x1</alignment>
         <input_file_ref idref="fl-c9"/>
      </object_component>
      <object_component id="oc-5f">
         <name>.debug_info</name>
         <load_address>0x8a84</load_address>
         <run_address>0x8a84</run_address>
         <size>0x19b</size>
         <alignment>0x1</alignment>
         <input_file_ref idref="fl-ca"/>
      </object_component>
      <object_component id="oc-47">
         <name>.debug_info</name>
         <load_address>0x8c1f</load_address>
         <run_address>0x8c1f</run_address>
         <size>0x199</size>
         <alignment>0x1</alignment>
         <input_file_ref idref="fl-cb"/>
      </object_component>
      <object_component id="oc-89">
         <name>.debug_info</name>
         <load_address>0x8db8</load_address>
         <run_address>0x8db8</run_address>
         <size>0x11f</size>
         <alignment>0x1</alignment>
         <input_file_ref idref="fl-cd"/>
      </object_component>
      <object_component id="oc-8c">
         <name>.debug_info</name>
         <load_address>0x8ed7</load_address>
         <run_address>0x8ed7</run_address>
         <size>0x85</size>
         <alignment>0x1</alignment>
         <input_file_ref idref="fl-ce"/>
      </object_component>
      <object_component id="oc-bd">
         <name>.debug_info</name>
         <load_address>0x8f5c</load_address>
         <run_address>0x8f5c</run_address>
         <size>0x195</size>
         <alignment>0x1</alignment>
         <input_file_ref idref="fl-cf"/>
      </object_component>
      <object_component id="oc-e3">
         <name>.debug_info</name>
         <load_address>0x90f1</load_address>
         <run_address>0x90f1</run_address>
         <size>0x18f</size>
         <alignment>0x1</alignment>
         <input_file_ref idref="fl-d0"/>
      </object_component>
      <object_component id="oc-93">
         <name>.debug_info</name>
         <load_address>0x9280</load_address>
         <run_address>0x9280</run_address>
         <size>0x2fa</size>
         <alignment>0x1</alignment>
         <input_file_ref idref="fl-d1"/>
      </object_component>
      <object_component id="oc-16b">
         <name>.debug_info</name>
         <load_address>0x957a</load_address>
         <run_address>0x957a</run_address>
         <size>0xbd</size>
         <alignment>0x0</alignment>
      </object_component>
      <object_component id="oc-35">
         <name>.debug_ranges</name>
         <load_address>0x0</load_address>
         <run_address>0x0</run_address>
         <size>0x48</size>
         <alignment>0x1</alignment>
         <input_file_ref idref="fl-1"/>
      </object_component>
      <object_component id="oc-9c">
         <name>.debug_ranges</name>
         <load_address>0x48</load_address>
         <run_address>0x48</run_address>
         <size>0x120</size>
         <alignment>0x1</alignment>
         <input_file_ref idref="fl-2"/>
      </object_component>
      <object_component id="oc-30">
         <name>.debug_ranges</name>
         <load_address>0x168</load_address>
         <run_address>0x168</run_address>
         <size>0x18</size>
         <alignment>0x1</alignment>
         <input_file_ref idref="fl-3"/>
      </object_component>
      <object_component id="oc-107">
         <name>.debug_ranges</name>
         <load_address>0x180</load_address>
         <run_address>0x180</run_address>
         <size>0x18</size>
         <alignment>0x1</alignment>
         <input_file_ref idref="fl-12"/>
      </object_component>
      <object_component id="oc-fc">
         <name>.debug_ranges</name>
         <load_address>0x198</load_address>
         <run_address>0x198</run_address>
         <size>0x1d8</size>
         <alignment>0x1</alignment>
         <input_file_ref idref="fl-14"/>
      </object_component>
      <object_component id="oc-3e">
         <name>.debug_ranges</name>
         <load_address>0x370</load_address>
         <run_address>0x370</run_address>
         <size>0x48</size>
         <alignment>0x1</alignment>
         <input_file_ref idref="fl-29"/>
      </object_component>
      <object_component id="oc-ab">
         <name>.debug_ranges</name>
         <load_address>0x3b8</load_address>
         <run_address>0x3b8</run_address>
         <size>0x48</size>
         <alignment>0x1</alignment>
         <input_file_ref idref="fl-2b"/>
      </object_component>
      <object_component id="oc-50">
         <name>.debug_ranges</name>
         <load_address>0x400</load_address>
         <run_address>0x400</run_address>
         <size>0x18</size>
         <alignment>0x1</alignment>
         <input_file_ref idref="fl-2e"/>
      </object_component>
      <object_component id="oc-43">
         <name>.debug_ranges</name>
         <load_address>0x418</load_address>
         <run_address>0x418</run_address>
         <size>0x50</size>
         <alignment>0x1</alignment>
         <input_file_ref idref="fl-30"/>
      </object_component>
      <object_component id="oc-a3">
         <name>.debug_ranges</name>
         <load_address>0x468</load_address>
         <run_address>0x468</run_address>
         <size>0x18</size>
         <alignment>0x1</alignment>
         <input_file_ref idref="fl-31"/>
      </object_component>
      <object_component id="oc-8e">
         <name>.debug_ranges</name>
         <load_address>0x480</load_address>
         <run_address>0x480</run_address>
         <size>0x18</size>
         <alignment>0x1</alignment>
         <input_file_ref idref="fl-ce"/>
      </object_component>
      <object_component id="oc-92">
         <name>.debug_ranges</name>
         <load_address>0x498</load_address>
         <run_address>0x498</run_address>
         <size>0x28</size>
         <alignment>0x1</alignment>
         <input_file_ref idref="fl-d1"/>
      </object_component>
      <object_component id="oc-6d">
         <name>.debug_str</name>
         <load_address>0x0</load_address>
         <run_address>0x0</run_address>
         <size>0xe04</size>
         <alignment>0x1</alignment>
         <input_file_ref idref="fl-1"/>
      </object_component>
      <object_component id="oc-d2">
         <name>.debug_str</name>
         <load_address>0xe04</load_address>
         <run_address>0xe04</run_address>
         <size>0x1f93</size>
         <alignment>0x1</alignment>
         <input_file_ref idref="fl-2"/>
      </object_component>
      <object_component id="oc-3a">
         <name>.debug_str</name>
         <load_address>0x2d97</load_address>
         <run_address>0x2d97</run_address>
         <size>0x174</size>
         <alignment>0x1</alignment>
         <input_file_ref idref="fl-3"/>
      </object_component>
      <object_component id="oc-125">
         <name>.debug_str</name>
         <load_address>0x2f0b</load_address>
         <run_address>0x2f0b</run_address>
         <size>0x63c</size>
         <alignment>0x1</alignment>
         <input_file_ref idref="fl-12"/>
      </object_component>
      <object_component id="oc-11f">
         <name>.debug_str</name>
         <load_address>0x3547</load_address>
         <run_address>0x3547</run_address>
         <size>0x178</size>
         <alignment>0x1</alignment>
         <input_file_ref idref="fl-13"/>
      </object_component>
      <object_component id="oc-123">
         <name>.debug_str</name>
         <load_address>0x36bf</load_address>
         <run_address>0x36bf</run_address>
         <size>0x1fec</size>
         <alignment>0x1</alignment>
         <input_file_ref idref="fl-14"/>
      </object_component>
      <object_component id="oc-3c">
         <name>.debug_str</name>
         <load_address>0x56ab</load_address>
         <run_address>0x56ab</run_address>
         <size>0x225</size>
         <alignment>0x1</alignment>
         <input_file_ref idref="fl-29"/>
      </object_component>
      <object_component id="oc-da">
         <name>.debug_str</name>
         <load_address>0x58d0</load_address>
         <run_address>0x58d0</run_address>
         <size>0x32f</size>
         <alignment>0x1</alignment>
         <input_file_ref idref="fl-2b"/>
      </object_component>
      <object_component id="oc-9a">
         <name>.debug_str</name>
         <load_address>0x5bff</load_address>
         <run_address>0x5bff</run_address>
         <size>0xf5</size>
         <alignment>0x1</alignment>
         <input_file_ref idref="fl-2c"/>
      </object_component>
      <object_component id="oc-71">
         <name>.debug_str</name>
         <load_address>0x5cf4</load_address>
         <run_address>0x5cf4</run_address>
         <size>0x19b</size>
         <alignment>0x1</alignment>
         <input_file_ref idref="fl-2e"/>
      </object_component>
      <object_component id="oc-49">
         <name>.debug_str</name>
         <load_address>0x5e8f</load_address>
         <run_address>0x5e8f</run_address>
         <size>0x168</size>
         <alignment>0x1</alignment>
         <input_file_ref idref="fl-2f"/>
      </object_component>
      <object_component id="oc-41">
         <name>.debug_str</name>
         <load_address>0x5ff7</load_address>
         <run_address>0x5ff7</run_address>
         <size>0x1d5</size>
         <alignment>0x1</alignment>
         <input_file_ref idref="fl-30"/>
      </object_component>
      <object_component id="oc-d4">
         <name>.debug_str</name>
         <load_address>0x61cc</load_address>
         <run_address>0x61cc</run_address>
         <size>0x13f</size>
         <alignment>0x1</alignment>
         <input_file_ref idref="fl-31"/>
      </object_component>
      <object_component id="oc-bf">
         <name>.debug_str</name>
         <load_address>0x630b</load_address>
         <run_address>0x630b</run_address>
         <size>0x1ea</size>
         <alignment>0x1</alignment>
         <input_file_ref idref="fl-cd"/>
      </object_component>
      <object_component id="oc-c2">
         <name>.debug_str</name>
         <load_address>0x64f5</load_address>
         <run_address>0x64f5</run_address>
         <size>0x193</size>
         <alignment>0x1</alignment>
         <input_file_ref idref="fl-ce"/>
      </object_component>
      <object_component id="oc-38">
         <name>.debug_frame</name>
         <load_address>0x0</load_address>
         <run_address>0x0</run_address>
         <size>0xc4</size>
         <alignment>0x4</alignment>
         <input_file_ref idref="fl-1"/>
      </object_component>
      <object_component id="oc-9e">
         <name>.debug_frame</name>
         <load_address>0xc4</load_address>
         <run_address>0xc4</run_address>
         <size>0x334</size>
         <alignment>0x4</alignment>
         <input_file_ref idref="fl-2"/>
      </object_component>
      <object_component id="oc-31">
         <name>.debug_frame</name>
         <load_address>0x3f8</load_address>
         <run_address>0x3f8</run_address>
         <size>0x30</size>
         <alignment>0x4</alignment>
         <input_file_ref idref="fl-3"/>
      </object_component>
      <object_component id="oc-109">
         <name>.debug_frame</name>
         <load_address>0x428</load_address>
         <run_address>0x428</run_address>
         <size>0x4c</size>
         <alignment>0x4</alignment>
         <input_file_ref idref="fl-12"/>
      </object_component>
      <object_component id="oc-ef">
         <name>.debug_frame</name>
         <load_address>0x474</load_address>
         <run_address>0x474</run_address>
         <size>0x20</size>
         <alignment>0x4</alignment>
         <input_file_ref idref="fl-13"/>
      </object_component>
      <object_component id="oc-fe">
         <name>.debug_frame</name>
         <load_address>0x494</load_address>
         <run_address>0x494</run_address>
         <size>0x408</size>
         <alignment>0x4</alignment>
         <input_file_ref idref="fl-14"/>
      </object_component>
      <object_component id="oc-53">
         <name>.debug_frame</name>
         <load_address>0x89c</load_address>
         <run_address>0x89c</run_address>
         <size>0x90</size>
         <alignment>0x4</alignment>
         <input_file_ref idref="fl-29"/>
      </object_component>
      <object_component id="oc-ad">
         <name>.debug_frame</name>
         <load_address>0x92c</load_address>
         <run_address>0x92c</run_address>
         <size>0x100</size>
         <alignment>0x4</alignment>
         <input_file_ref idref="fl-2b"/>
      </object_component>
      <object_component id="oc-7a">
         <name>.debug_frame</name>
         <load_address>0xa2c</load_address>
         <run_address>0xa2c</run_address>
         <size>0x20</size>
         <alignment>0x4</alignment>
         <input_file_ref idref="fl-2c"/>
      </object_component>
      <object_component id="oc-4d">
         <name>.debug_frame</name>
         <load_address>0xa4c</load_address>
         <run_address>0xa4c</run_address>
         <size>0x38</size>
         <alignment>0x4</alignment>
         <input_file_ref idref="fl-2e"/>
      </object_component>
      <object_component id="oc-23">
         <name>.debug_frame</name>
         <load_address>0xa84</load_address>
         <run_address>0xa84</run_address>
         <size>0x28</size>
         <alignment>0x4</alignment>
         <input_file_ref idref="fl-2f"/>
      </object_component>
      <object_component id="oc-1f">
         <name>.debug_frame</name>
         <load_address>0xaac</load_address>
         <run_address>0xaac</run_address>
         <size>0x30</size>
         <alignment>0x4</alignment>
         <input_file_ref idref="fl-30"/>
      </object_component>
      <object_component id="oc-a2">
         <name>.debug_frame</name>
         <load_address>0xadc</load_address>
         <run_address>0xadc</run_address>
         <size>0x30</size>
         <alignment>0x4</alignment>
         <input_file_ref idref="fl-31"/>
      </object_component>
      <object_component id="oc-88">
         <name>.debug_frame</name>
         <load_address>0xb0c</load_address>
         <run_address>0xb0c</run_address>
         <size>0x30</size>
         <alignment>0x4</alignment>
         <input_file_ref idref="fl-cd"/>
      </object_component>
      <object_component id="oc-8d">
         <name>.debug_frame</name>
         <load_address>0xb3c</load_address>
         <run_address>0xb3c</run_address>
         <size>0x30</size>
         <alignment>0x4</alignment>
         <input_file_ref idref="fl-ce"/>
      </object_component>
      <object_component id="oc-36">
         <name>.debug_line</name>
         <load_address>0x0</load_address>
         <run_address>0x0</run_address>
         <size>0x4b1</size>
         <alignment>0x1</alignment>
         <input_file_ref idref="fl-1"/>
      </object_component>
      <object_component id="oc-9f">
         <name>.debug_line</name>
         <load_address>0x4b1</load_address>
         <run_address>0x4b1</run_address>
         <size>0x8e9</size>
         <alignment>0x1</alignment>
         <input_file_ref idref="fl-2"/>
      </object_component>
      <object_component id="oc-32">
         <name>.debug_line</name>
         <load_address>0xd9a</load_address>
         <run_address>0xd9a</run_address>
         <size>0xb8</size>
         <alignment>0x1</alignment>
         <input_file_ref idref="fl-3"/>
      </object_component>
      <object_component id="oc-108">
         <name>.debug_line</name>
         <load_address>0xe52</load_address>
         <run_address>0xe52</run_address>
         <size>0x280</size>
         <alignment>0x1</alignment>
         <input_file_ref idref="fl-12"/>
      </object_component>
      <object_component id="oc-ee">
         <name>.debug_line</name>
         <load_address>0x10d2</load_address>
         <run_address>0x10d2</run_address>
         <size>0x179</size>
         <alignment>0x1</alignment>
         <input_file_ref idref="fl-13"/>
      </object_component>
      <object_component id="oc-fd">
         <name>.debug_line</name>
         <load_address>0x124b</load_address>
         <run_address>0x124b</run_address>
         <size>0x17a1</size>
         <alignment>0x1</alignment>
         <input_file_ref idref="fl-14"/>
      </object_component>
      <object_component id="oc-3d">
         <name>.debug_line</name>
         <load_address>0x29ec</load_address>
         <run_address>0x29ec</run_address>
         <size>0x1dc</size>
         <alignment>0x1</alignment>
         <input_file_ref idref="fl-29"/>
      </object_component>
      <object_component id="oc-ac">
         <name>.debug_line</name>
         <load_address>0x2bc8</load_address>
         <run_address>0x2bc8</run_address>
         <size>0x51a</size>
         <alignment>0x1</alignment>
         <input_file_ref idref="fl-2b"/>
      </object_component>
      <object_component id="oc-79">
         <name>.debug_line</name>
         <load_address>0x30e2</load_address>
         <run_address>0x30e2</run_address>
         <size>0x3e</size>
         <alignment>0x1</alignment>
         <input_file_ref idref="fl-2c"/>
      </object_component>
      <object_component id="oc-4e">
         <name>.debug_line</name>
         <load_address>0x3120</load_address>
         <run_address>0x3120</run_address>
         <size>0xfe</size>
         <alignment>0x1</alignment>
         <input_file_ref idref="fl-2e"/>
      </object_component>
      <object_component id="oc-21">
         <name>.debug_line</name>
         <load_address>0x321e</load_address>
         <run_address>0x321e</run_address>
         <size>0xc0</size>
         <alignment>0x1</alignment>
         <input_file_ref idref="fl-2f"/>
      </object_component>
      <object_component id="oc-1e">
         <name>.debug_line</name>
         <load_address>0x32de</load_address>
         <run_address>0x32de</run_address>
         <size>0x1c8</size>
         <alignment>0x1</alignment>
         <input_file_ref idref="fl-30"/>
      </object_component>
      <object_component id="oc-a5">
         <name>.debug_line</name>
         <load_address>0x34a6</load_address>
         <run_address>0x34a6</run_address>
         <size>0x69</size>
         <alignment>0x1</alignment>
         <input_file_ref idref="fl-31"/>
      </object_component>
      <object_component id="oc-63">
         <name>.debug_line</name>
         <load_address>0x350f</load_address>
         <run_address>0x350f</run_address>
         <size>0xcc</size>
         <alignment>0x1</alignment>
         <input_file_ref idref="fl-c9"/>
      </object_component>
      <object_component id="oc-61">
         <name>.debug_line</name>
         <load_address>0x35db</load_address>
         <run_address>0x35db</run_address>
         <size>0xad</size>
         <alignment>0x1</alignment>
         <input_file_ref idref="fl-ca"/>
      </object_component>
      <object_component id="oc-46">
         <name>.debug_line</name>
         <load_address>0x3688</load_address>
         <run_address>0x3688</run_address>
         <size>0xa4</size>
         <alignment>0x1</alignment>
         <input_file_ref idref="fl-cb"/>
      </object_component>
      <object_component id="oc-87">
         <name>.debug_line</name>
         <load_address>0x372c</load_address>
         <run_address>0x372c</run_address>
         <size>0x1e9</size>
         <alignment>0x1</alignment>
         <input_file_ref idref="fl-cd"/>
      </object_component>
      <object_component id="oc-8f">
         <name>.debug_line</name>
         <load_address>0x3915</load_address>
         <run_address>0x3915</run_address>
         <size>0xb5</size>
         <alignment>0x1</alignment>
         <input_file_ref idref="fl-ce"/>
      </object_component>
      <object_component id="oc-bb">
         <name>.debug_line</name>
         <load_address>0x39ca</load_address>
         <run_address>0x39ca</run_address>
         <size>0xef</size>
         <alignment>0x1</alignment>
         <input_file_ref idref="fl-cf"/>
      </object_component>
      <object_component id="oc-e1">
         <name>.debug_line</name>
         <load_address>0x3ab9</load_address>
         <run_address>0x3ab9</run_address>
         <size>0xab</size>
         <alignment>0x1</alignment>
         <input_file_ref idref="fl-d0"/>
      </object_component>
      <object_component id="oc-95">
         <name>.debug_line</name>
         <load_address>0x3b64</load_address>
         <run_address>0x3b64</run_address>
         <size>0xa0</size>
         <alignment>0x1</alignment>
         <input_file_ref idref="fl-d1"/>
      </object_component>
      <object_component id="oc-10a">
         <name>.debug_loc</name>
         <load_address>0x0</load_address>
         <run_address>0x0</run_address>
         <size>0xc7</size>
         <alignment>0x1</alignment>
         <input_file_ref idref="fl-12"/>
      </object_component>
      <object_component id="oc-120">
         <name>.debug_loc</name>
         <load_address>0xc7</load_address>
         <run_address>0xc7</run_address>
         <size>0x13</size>
         <alignment>0x1</alignment>
         <input_file_ref idref="fl-13"/>
      </object_component>
      <object_component id="oc-fa">
         <name>.debug_loc</name>
         <load_address>0xda</load_address>
         <run_address>0xda</run_address>
         <size>0x1a68</size>
         <alignment>0x1</alignment>
         <input_file_ref idref="fl-14"/>
      </object_component>
      <object_component id="oc-3f">
         <name>.debug_loc</name>
         <load_address>0x1b42</load_address>
         <run_address>0x1b42</run_address>
         <size>0xd8</size>
         <alignment>0x1</alignment>
         <input_file_ref idref="fl-29"/>
      </object_component>
      <object_component id="oc-aa">
         <name>.debug_loc</name>
         <load_address>0x1c1a</load_address>
         <run_address>0x1c1a</run_address>
         <size>0x424</size>
         <alignment>0x1</alignment>
         <input_file_ref idref="fl-2b"/>
      </object_component>
      <object_component id="oc-4c">
         <name>.debug_loc</name>
         <load_address>0x203e</load_address>
         <run_address>0x203e</run_address>
         <size>0x16c</size>
         <alignment>0x1</alignment>
         <input_file_ref idref="fl-2e"/>
      </object_component>
      <object_component id="oc-4a">
         <name>.debug_loc</name>
         <load_address>0x21aa</load_address>
         <run_address>0x21aa</run_address>
         <size>0x6f</size>
         <alignment>0x1</alignment>
         <input_file_ref idref="fl-2f"/>
      </object_component>
      <object_component id="oc-42">
         <name>.debug_loc</name>
         <load_address>0x2219</load_address>
         <run_address>0x2219</run_address>
         <size>0x167</size>
         <alignment>0x1</alignment>
         <input_file_ref idref="fl-30"/>
      </object_component>
      <object_component id="oc-a7">
         <name>.debug_loc</name>
         <load_address>0x2380</load_address>
         <run_address>0x2380</run_address>
         <size>0x26</size>
         <alignment>0x1</alignment>
         <input_file_ref idref="fl-31"/>
      </object_component>
      <object_component id="oc-c0">
         <name>.debug_loc</name>
         <load_address>0x23a6</load_address>
         <run_address>0x23a6</run_address>
         <size>0xd9</size>
         <alignment>0x1</alignment>
         <input_file_ref idref="fl-cd"/>
      </object_component>
      <object_component id="oc-c3">
         <name>.debug_loc</name>
         <load_address>0x247f</load_address>
         <run_address>0x247f</run_address>
         <size>0x20</size>
         <alignment>0x1</alignment>
         <input_file_ref idref="fl-ce"/>
      </object_component>
      <object_component id="oc-64">
         <name>.debug_aranges</name>
         <load_address>0x0</load_address>
         <run_address>0x0</run_address>
         <size>0x20</size>
         <alignment>0x1</alignment>
         <input_file_ref idref="fl-c9"/>
      </object_component>
      <object_component id="oc-60">
         <name>.debug_aranges</name>
         <load_address>0x20</load_address>
         <run_address>0x20</run_address>
         <size>0x20</size>
         <alignment>0x1</alignment>
         <input_file_ref idref="fl-ca"/>
      </object_component>
      <object_component id="oc-45">
         <name>.debug_aranges</name>
         <load_address>0x40</load_address>
         <run_address>0x40</run_address>
         <size>0x20</size>
         <alignment>0x1</alignment>
         <input_file_ref idref="fl-cb"/>
      </object_component>
      <object_component id="oc-bc">
         <name>.debug_aranges</name>
         <load_address>0x60</load_address>
         <run_address>0x60</run_address>
         <size>0x20</size>
         <alignment>0x1</alignment>
         <input_file_ref idref="fl-cf"/>
      </object_component>
      <object_component id="oc-e2">
         <name>.debug_aranges</name>
         <load_address>0x80</load_address>
         <run_address>0x80</run_address>
         <size>0x20</size>
         <alignment>0x1</alignment>
         <input_file_ref idref="fl-d0"/>
      </object_component>
      <object_component id="oc-94">
         <name>.debug_aranges</name>
         <load_address>0xa0</load_address>
         <run_address>0xa0</run_address>
         <size>0x28</size>
         <alignment>0x1</alignment>
         <input_file_ref idref="fl-d1"/>
      </object_component>
   </object_component_list>
   <logical_group_list>
      <logical_group id="lg-2" display="no" color="cyan">
         <name>.intvecs</name>
         <load_address>0x0</load_address>
         <run_address>0x0</run_address>
         <size>0xc0</size>
         <contents>
            <object_component_ref idref="oc-18"/>
         </contents>
      </logical_group>
      <logical_group id="lg-3" display="no" color="cyan">
         <name>.text</name>
         <load_address>0xc0</load_address>
         <run_address>0xc0</run_address>
         <size>0xb68</size>
         <contents>
            <object_component_ref idref="oc-34"/>
            <object_component_ref idref="oc-ff"/>
            <object_component_ref idref="oc-ba"/>
            <object_component_ref idref="oc-8b"/>
            <object_component_ref idref="oc-cf"/>
            <object_component_ref idref="oc-1c"/>
            <object_component_ref idref="oc-10b"/>
            <object_component_ref idref="oc-62"/>
            <object_component_ref idref="oc-df"/>
            <object_component_ref idref="oc-cc"/>
            <object_component_ref idref="oc-cb"/>
            <object_component_ref idref="oc-10c"/>
            <object_component_ref idref="oc-ce"/>
            <object_component_ref idref="oc-105"/>
            <object_component_ref idref="oc-86"/>
            <object_component_ref idref="oc-a8"/>
            <object_component_ref idref="oc-102"/>
            <object_component_ref idref="oc-5d"/>
            <object_component_ref idref="oc-66"/>
            <object_component_ref idref="oc-a0"/>
            <object_component_ref idref="oc-cd"/>
            <object_component_ref idref="oc-121"/>
            <object_component_ref idref="oc-101"/>
            <object_component_ref idref="oc-54"/>
            <object_component_ref idref="oc-9b"/>
            <object_component_ref idref="oc-10d"/>
            <object_component_ref idref="oc-e0"/>
            <object_component_ref idref="oc-110"/>
            <object_component_ref idref="oc-111"/>
            <object_component_ref idref="oc-f8"/>
            <object_component_ref idref="oc-f4"/>
            <object_component_ref idref="oc-f7"/>
            <object_component_ref idref="oc-f9"/>
            <object_component_ref idref="oc-10f"/>
            <object_component_ref idref="oc-eb"/>
            <object_component_ref idref="oc-e8"/>
            <object_component_ref idref="oc-10e"/>
            <object_component_ref idref="oc-f2"/>
            <object_component_ref idref="oc-e9"/>
            <object_component_ref idref="oc-f0"/>
            <object_component_ref idref="oc-e6"/>
            <object_component_ref idref="oc-f3"/>
            <object_component_ref idref="oc-ea"/>
            <object_component_ref idref="oc-e7"/>
            <object_component_ref idref="oc-67"/>
            <object_component_ref idref="oc-5c"/>
            <object_component_ref idref="oc-112"/>
            <object_component_ref idref="oc-7b"/>
            <object_component_ref idref="oc-4b"/>
            <object_component_ref idref="oc-f1"/>
            <object_component_ref idref="oc-f6"/>
            <object_component_ref idref="oc-100"/>
            <object_component_ref idref="oc-5e"/>
            <object_component_ref idref="oc-5b"/>
            <object_component_ref idref="oc-91"/>
            <object_component_ref idref="oc-20"/>
            <object_component_ref idref="oc-f5"/>
            <object_component_ref idref="oc-ec"/>
            <object_component_ref idref="oc-44"/>
            <object_component_ref idref="oc-33"/>
            <object_component_ref idref="oc-2f"/>
            <object_component_ref idref="oc-77"/>
            <object_component_ref idref="oc-a1"/>
         </contents>
      </logical_group>
      <logical_group id="lg-4" display="no" color="cyan">
         <name>.const</name>
         <run_address>0x0</run_address>
         <size>0x0</size>
         <contents>
         </contents>
      </logical_group>
      <logical_group id="lg-5" display="no" color="cyan">
         <name>.cinit</name>
         <load_address>0xc48</load_address>
         <run_address>0xc48</run_address>
         <size>0x30</size>
         <contents>
            <object_component_ref idref="oc-165"/>
            <object_component_ref idref="oc-167"/>
            <object_component_ref idref="oc-168"/>
            <object_component_ref idref="oc-166"/>
         </contents>
      </logical_group>
      <logical_group id="lg-6" display="no" color="cyan">
         <name>.pinit</name>
         <run_address>0x0</run_address>
         <size>0x0</size>
         <contents>
         </contents>
      </logical_group>
      <logical_group id="lg-7" display="no" color="cyan">
         <name>.rodata</name>
         <load_address>0xc28</load_address>
         <run_address>0xc28</run_address>
         <size>0x20</size>
         <contents>
            <object_component_ref idref="oc-104"/>
            <object_component_ref idref="oc-113"/>
            <object_component_ref idref="oc-103"/>
         </contents>
      </logical_group>
      <logical_group id="lg-8" display="no" color="cyan">
         <name>.ARM.exidx</name>
         <run_address>0x0</run_address>
         <size>0x0</size>
         <contents>
         </contents>
      </logical_group>
      <logical_group id="lg-9" display="no" color="cyan">
         <name>.init_array</name>
         <run_address>0x0</run_address>
         <size>0x0</size>
         <contents>
         </contents>
      </logical_group>
      <logical_group id="lg-a" display="no" color="cyan">
         <name>.binit</name>
         <load_address>0x0</load_address>
         <run_address>0x0</run_address>
         <size>0x0</size>
         <contents>
            <object_component_ref idref="oc-12f"/>
         </contents>
      </logical_group>
      <logical_group id="lg-b" display="no" color="cyan">
         <name>.TI.ramfunc</name>
         <run_address>0x0</run_address>
         <size>0x0</size>
         <contents>
         </contents>
      </logical_group>
      <logical_group id="lg-c" display="no" color="cyan">
         <name>.vtable</name>
         <run_address>0x0</run_address>
         <size>0x0</size>
         <contents>
         </contents>
      </logical_group>
      <logical_group id="lg-d" display="no" color="cyan">
         <name>.args</name>
         <run_address>0x0</run_address>
         <size>0x0</size>
         <contents>
         </contents>
      </logical_group>
      <logical_group id="lg-e" display="no" color="cyan">
         <name>.data</name>
         <run_address>0x20200000</run_address>
         <size>0xfb0</size>
         <contents>
            <object_component_ref idref="oc-69"/>
            <object_component_ref idref="oc-68"/>
            <object_component_ref idref="oc-6b"/>
            <object_component_ref idref="oc-6a"/>
         </contents>
      </logical_group>
      <logical_group id="lg-f" display="no" color="cyan">
         <name>.bss</name>
[...]
            <logical_group_ref idref="lg-5"/>
         </contents>
      </load_segment>
      <load_segment id="lg-179" display="no" color="cyan">
         <name>SEGMENT_1</name>
         <run_address>0x20200000</run_address>
         <size>0x106c</size>
         <flags>0x6</flags>
         <contents>
            <logical_group_ref idref="lg-e"/>
            <logical_group_ref idref="lg-f"/>
         </contents>
      </load_segment>
      <load_segment id="lg-17a" display="no" color="cyan">
         <name>SEGMENT_2</name>
         <run_address>0x20207e00</run_address>
         <size>0x200</size>
         <flags>0x6</flags>
         <contents>
            <logical_group_ref idref="lg-11"/>
         </contents>
      </load_segment>
   </logical_group_list>
   <placement_map>
      <memory_area display="yes" color="green">
         <name>FLASH</name>
         <page_id>0x0</page_id>
         <origin>0x0</origin>
         <length>0x20000</length>
         <used_space>0xc78</used_space>
         <unused_space>0x1f388</unused_space>
         <attributes>RX</attributes>
         <usage_details>
            <allocated_space>
               <start_address>0x0</start_address>
               <size>0x0</size>
               <logical_group_ref idref="lg-a"/>
            </allocated_space>
            <allocated_space>
               <start_address>0x0</start_address>
               <size>0xc0</size>
               <logical_group_ref idref="lg-2"/>
            </allocated_space>
            <allocated_space>
               <start_address>0xc0</start_address>
               <size>0xb68</size>
               <logical_group_ref idref="lg-3"/>
            </allocated_space>
            <allocated_space>
               <start_address>0xc28</start_address>
               <size>0x20</size>
               <logical_group_ref idref="lg-7"/>
            </allocated_space>
            <allocated_space>
               <start_address>0xc48</start_address>
               <size>0x30</size>
               <logical_group_ref idref="lg-5"/>
            </allocated_space>
            <available_space>
               <start_address>0xc78</start_address>
               <size>0x1f388</size>
            </available_space>
         </usage_details>
      </memory_area>
      <memory_area display="yes" color="green">
         <name>SRAM</name>
         <page_id>0x0</page_id>
         <origin>0x20200000</origin>
         <length>0x8000</length>
         <used_space>0x126c</used_space>
         <unused_space>0x6d94</unused_space>
         <attributes>RWX</attributes>
         <usage_details>
            <allocated_space>
               <start_address>0x20200000</start_address>
               <size>0x0</size>
               <logical_group_ref idref="lg-12b"/>
            </allocated_space>
            <allocated_space>
               <start_address>0x20200000</start_address>
               <size>0x0</size>
               <logical_group_ref idref="lg-12d"/>
            </allocated_space>
            <allocated_space>
               <start_address>0x20200000</start_address>
               <size>0xfb0</size>
               <logical_group_ref idref="lg-e"/>
            </allocated_space>
            <allocated_space>
               <start_address>0x20200fb0</start_address>
               <size>0xbc</size>
               <logical_group_ref idref="lg-f"/>
            </allocated_space>
            <available_space>
               <start_address>0x2020106c</start_address>
               <size>0x6d94</size>
            </available_space>
            <allocated_space>
               <start_address>0x20207e00</start_address>
               <size>0x200</size>
               <logical_group_ref idref="lg-11"/>
            </allocated_space>
         </usage_details>
      </memory_area>
      <memory_area display="yes" color="green">
         <name>BCR_CONFIG</name>
         <page_id>0x0</page_id>
         <origin>0x41c00000</origin>
         <length>0xff</length>
         <used_space>0x0</used_space>
         <unused_space>0xff</unused_space>
         <attributes>R</attributes>
         <usage_details>
         </usage_details>
      </memory_area>
      <memory_area display="yes" color="green">
         <name>BSL_CONFIG</name>
         <page_id>0x0</page_id>
         <origin>0x41c00100</origin>
         <length>0x80</length>
         <used_space>0x0</used_space>
         <unused_space>0x80</unused_space>
         <attributes>R</attributes>
         <usage_details>
         </usage_details>
      </memory_area>
   </placement_map>
   <cptbl_list>
      <cptbl>
         <name>__TI_cinit_table</name>
         <cprec>
            <name>.data</name>
            <load_address>0xc54</load_address>
            <load_size>0x9</load_size>
            <run_address>0x20200000</run_address>
            <run_size>0xfb0</run_size>
            <compression>lzss</compression>
         </cprec>
         <cprec>
            <name>.bss</name>
            <load_address>0xc60</load_address>
            <load_size>0x8</load_size>
            <run_address>0x20200fb0</run_address>
            <run_size>0xbc</run_size>
            <compression>zero_init</compression>
         </cprec>
      </cptbl>
   </cptbl_list>
   <handler_table>
      <handler_table_name>__TI_handler_table</handler_table_name>
      <handler>
         <index>0x0</index>
         <name>__TI_decompress_lzss</name>
      </handler>
      <handler>
         <index>0x1</index>
         <name>__TI_decompress_none</name>
      </handler>
      <handler>
         <index>0x2</index>
         <name>__TI_zero_init</name>
      </handler>
   </handler_table>
   <symbol_table>
      <symbol id="sm-1">
         <name>__start___llvm_prf_cnts</name>
         <value>0x20200000</value>
      </symbol>
      <symbol id="sm-2">
         <name>__stop___llvm_prf_cnts</name>
         <value>0x20200000</value>
      </symbol>
      <symbol id="sm-3">
         <name>__start___llvm_prf_bits</name>
         <value>0x20200000</value>
      </symbol>
      <symbol id="sm-4">
         <name>__stop___llvm_prf_bits</name>
         <value>0x20200000</value>
      </symbol>
      <symbol id="sm-5">
         <name>__TI_CINIT_Base</name>
         <value>0xc68</value>
      </symbol>
      <symbol id="sm-6">
         <name>__TI_CINIT_Limit</name>
         <value>0xc78</value>
      </symbol>
      <symbol id="sm-7">
         <name>__TI_CINIT_Warm</name>
         <value>0xc78</value>
      </symbol>
      <symbol id="sm-8">
         <name>__TI_Handler_Table_Base</name>
         <value>0xc48</value>
      </symbol>
      <symbol id="sm-9">
         <name>__TI_Handler_Table_Limit</name>
         <value>0xc54</value>
      </symbol>
      <symbol id="sm-a">
         <name>binit</name>
         <value>0xffffffff</value>
      </symbol>
      <symbol id="sm-b">
         <name>__binit__</name>
         <value>0xffffffff</value>
      </symbol>
      <symbol id="sm-c">
         <name>__STACK_SIZE</name>
         <value>0x200</value>
      </symbol>
      <symbol id="sm-d">
         <name>__STACK_END</name>
         <value>0x20208000</value>
      </symbol>
      <symbol id="sm-e">
         <name>__TI_pprof_out_hndl</name>
         <value>0xffffffff</value>
      </symbol>
      <symbol id="sm-f">
         <name>__TI_prof_data_start</name>
         <value>0xffffffff</value>
      </symbol>
      <symbol id="sm-10">
         <name>__TI_prof_data_size</name>
         <value>0xffffffff</value>
      </symbol>
      <symbol id="sm-54">
         <name>main</name>
         <value>0xb3f</value>
         <object_component_ref idref="oc-7b"/>
      </symbol>
      <symbol id="sm-55">
         <name>ADC0_IRQHandler</name>
         <value>0xc1</value>
         <object_component_ref idref="oc-34"/>
      </symbol>
      <symbol id="sm-56">
         <name>sampleIndex</name>
         <value>0x20200fac</value>
         <object_component_ref idref="oc-68"/>
      </symbol>
      <symbol id="sm-57">
         <name>bufferSample</name>
         <value>0x20200000</value>
         <object_component_ref idref="oc-69"/>
      </symbol>
      <symbol id="sm-58">
         <name>runningSum</name>
         <value>0x20200fa0</value>
         <object_component_ref idref="oc-6a"/>
      </symbol>
      <symbol id="sm-59">
         <name>movingAverageOutput</name>
         <value>0x20200fa8</value>
         <object_component_ref idref="oc-6b"/>
      </symbol>
      <symbol id="sm-dd">
         <name>SYSCFG_DL_init</name>
         <value>0x8e1</value>
         <object_component_ref idref="oc-9b"/>
      </symbol>
      <symbol id="sm-de">
         <name>SYSCFG_DL_initPower</name>
         <value>0x5d9</value>
         <object_component_ref idref="oc-cb"/>
      </symbol>
      <symbol id="sm-df">
         <name>SYSCFG_DL_GPIO_init</name>
         <value>0x585</value>
         <object_component_ref idref="oc-cc"/>
      </symbol>
      <symbol id="sm-e0">
         <name>SYSCFG_DL_SYSCTL_init</name>
         <value>0x83d</value>
         <object_component_ref idref="oc-cd"/>
      </symbol>
      <symbol id="sm-e1">
         <name>SYSCFG_DL_TIMER_0_init</name>
         <value>0x679</value>
         <object_component_ref idref="oc-ce"/>
      </symbol>
      <symbol id="sm-e2">
         <name>SYSCFG_DL_ADC12_0_init</name>
         <value>0x3d1</value>
         <object_component_ref idref="oc-cf"/>
      </symbol>
      <symbol id="sm-e3">
         <name>gTIMER_0Backup</name>
         <value>0x20200fb0</value>
      </symbol>
      <symbol id="sm-ee">
         <name>Default_Handler</name>
         <value>0xc19</value>
         <object_component_ref idref="oc-33"/>
      </symbol>
      <symbol id="sm-ef">
         <name>Reset_Handler</name>
         <value>0xc1d</value>
         <object_component_ref idref="oc-2f"/>
      </symbol>
      <symbol id="sm-f0">
         <name>interruptVectors</name>
         <value>0x0</value>
         <object_component_ref idref="oc-18"/>
      </symbol>
      <symbol id="sm-f1">
         <name>NMI_Handler</name>
         <value>0xc19</value>
         <object_component_ref idref="oc-33"/>
      </symbol>
      <symbol id="sm-f2">
         <name>HardFault_Handler</name>
         <value>0xc19</value>
         <object_component_ref idref="oc-33"/>
      </symbol>
      <symbol id="sm-f3">
         <name>SVC_Handler</name>
         <value>0xc19</value>
         <object_component_ref idref="oc-33"/>
      </symbol>
      <symbol id="sm-f4">
         <name>PendSV_Handler</name>
         <value>0xc19</value>
         <object_component_ref idref="oc-33"/>
      </symbol>
      <symbol id="sm-f5">
         <name>SysTick_Handler</name>
         <value>0xc19</value>
         <object_component_ref idref="oc-33"/>
      </symbol>
      <symbol id="sm-f6">
         <name>GROUP0_IRQHandler</name>
         <value>0xc19</value>
         <object_component_ref idref="oc-33"/>
      </symbol>
      <symbol id="sm-f7">
         <name>GROUP1_IRQHandler</name>
         <value>0xc19</value>
         <object_component_ref idref="oc-33"/>
      </symbol>
      <symbol id="sm-f8">
         <name>TIMG8_IRQHandler</name>
         <value>0xc19</value>
         <object_component_ref idref="oc-33"/>
      </symbol>
      <symbol id="sm-f9">
         <name>UART3_IRQHandler</name>
         <value>0xc19</value>
         <object_component_ref idref="oc-33"/>
      </symbol>
      <symbol id="sm-fa">
         <name>ADC1_IRQHandler</name>
         <value>0xc19</value>
         <object_component_ref idref="oc-33"/>
      </symbol>
      <symbol id="sm-fb">
         <name>CANFD0_IRQHandler</name>
         <value>0xc19</value>
         <object_component_ref idref="oc-33"/>
      </symbol>
      <symbol id="sm-fc">
         <name>DAC0_IRQHandler</name>
         <value>0xc19</value>
         <object_component_ref idref="oc-33"/>
      </symbol>
      <symbol id="sm-fd">
         <name>SPI0_IRQHandler</name>
         <value>0xc19</value>
         <object_component_ref idref="oc-33"/>
      </symbol>
      <symbol id="sm-fe">
         <name>SPI1_IRQHandler</name>
         <value>0xc19</value>
         <object_component_ref idref="oc-33"/>
      </symbol>
      <symbol id="sm-ff">
         <name>UART1_IRQHandler</name>
         <value>0xc19</value>
         <object_component_ref idref="oc-33"/>
      </symbol>
      <symbol id="sm-100">
         <name>UART2_IRQHandler</name>
         <value>0xc19</value>
         <object_component_ref idref="oc-33"/>
      </symbol>
      <symbol id="sm-101">
         <name>UART0_IRQHandler</name>
         <value>0xc19</value>
         <object_component_ref idref="oc-33"/>
      </symbol>
      <symbol id="sm-102">
         <name>TIMG0_IRQHandler</name>
         <value>0xc19</value>
         <object_component_ref idref="oc-33"/>
      </symbol>
      <symbol id="sm-103">
         <name>TIMG6_IRQHandler</name>
         <value>0xc19</value>
         <object_component_ref idref="oc-33"/>
      </symbol>
      <symbol id="sm-104">
         <name>TIMA0_IRQHandler</name>
         <value>0xc19</value>
         <object_component_ref idref="oc-33"/>
      </symbol>
      <symbol id="sm-105">
         <name>TIMA1_IRQHandler</name>
         <value>0xc19</value>
         <object_component_ref idref="oc-33"/>
      </symbol>
      <symbol id="sm-106">
         <name>TIMG7_IRQHandler</name>
         <value>0xc19</value>
         <object_component_ref idref="oc-33"/>
      </symbol>
      <symbol id="sm-107">
         <name>TIMG12_IRQHandler</name>
         <value>0xc19</value>
         <object_component_ref idref="oc-33"/>
      </symbol>
      <symbol id="sm-108">
         <name>I2C0_IRQHandler</name>
         <value>0xc19</value>
         <object_component_ref idref="oc-33"/>
      </symbol>
      <symbol id="sm-109">
         <name>I2C1_IRQHandler</name>
         <value>0xc19</value>
         <object_component_ref idref="oc-33"/>
      </symbol>
      <symbol id="sm-10a">
         <name>AES_IRQHandler</name>
         <value>0xc19</value>
         <object_component_ref idref="oc-33"/>
      </symbol>
      <symbol id="sm-10b">
         <name>RTC_IRQHandler</name>
         <value>0xc19</value>
         <object_component_ref idref="oc-33"/>
      </symbol>
      <symbol id="sm-10c">
         <name>DMA_IRQHandler</name>
         <value>0xc19</value>
         <object_component_ref idref="oc-33"/>
      </symbol>
      <symbol id="sm-10d">
         <name>__TI_ATRegion0_src_addr</name>
         <value>0x0</value>
      </symbol>
      <symbol id="sm-10e">
         <name>__TI_ATRegion0_trg_addr</name>
         <value>0x0</value>
      </symbol>
      <symbol id="sm-10f">
         <name>__TI_ATRegion0_region_sz</name>
         <value>0x0</value>
      </symbol>
      <symbol id="sm-110">
         <name>__TI_ATRegion1_src_addr</name>
         <value>0x0</value>
      </symbol>
      <symbol id="sm-111">
         <name>__TI_ATRegion1_trg_addr</name>
         <value>0x0</value>
      </symbol>
      <symbol id="sm-112">
         <name>__TI_ATRegion1_region_sz</name>
         <value>0x0</value>
      </symbol>
      <symbol id="sm-113">
         <name>__TI_ATRegion2_src_addr</name>
         <value>0x0</value>
      </symbol>
      <symbol id="sm-114">
         <name>__TI_ATRegion2_trg_addr</name>
         <value>0x0</value>
      </symbol>
      <symbol id="sm-115">
         <name>__TI_ATRegion2_region_sz</name>
         <value>0x0</value>
      </symbol>
      <symbol id="sm-120">
         <name>DL_ADC12_setClockConfig</name>
         <value>0x6bd</value>
         <object_component_ref idref="oc-105"/>
      </symbol>
      <symbol id="sm-129">
         <name>DL_Common_delayCycles</name>
         <value>0xc05</value>
         <object_component_ref idref="oc-ec"/>
      </symbol>
      <symbol id="sm-139">
         <name>DL_Timer_setClockConfig</name>
         <value>0x9d1</value>
         <object_component_ref idref="oc-f9"/>
      </symbol>
      <symbol id="sm-13a">
         <name>DL_Timer_initTimerMode</name>
         <value>0x231</value>
         <object_component_ref idref="oc-ff"/>
      </symbol>
      <symbol id="sm-145">
         <name>_c_int00_noargs</name>
         <value>0x8b9</value>
         <object_component_ref idref="oc-54"/>
      </symbol>
      <symbol id="sm-146">
         <name>__stack</name>
         <value>0x20207e00</value>
         <object_component_ref idref="oc-1a"/>
      </symbol>
      <symbol id="sm-152">
         <name>__TI_auto_init_nobinit_nopinit</name>
         <value>0x73d</value>
         <object_component_ref idref="oc-a8"/>
      </symbol>
      <symbol id="sm-15a">
         <name>_system_pre_init</name>
         <value>0xc21</value>
         <object_component_ref idref="oc-77"/>
      </symbol>
      <symbol id="sm-165">
         <name>__TI_zero_init_nomemset</name>
         <value>0xb55</value>
         <object_component_ref idref="oc-4b"/>
      </symbol>
      <symbol id="sm-16e">
         <name>__TI_decompress_none</name>
         <value>0xbe1</value>
         <object_component_ref idref="oc-20"/>
      </symbol>
      <symbol id="sm-179">
         <name>__TI_decompress_lzss</name>
         <value>0x44d</value>
         <object_component_ref idref="oc-1c"/>
      </symbol>
      <symbol id="sm-183">
         <name>abort</name>
         <value>0xc25</value>
         <object_component_ref idref="oc-a1"/>
      </symbol>
      <symbol id="sm-184">
         <name>C$$EXIT</name>
         <value>0xc24</value>
         <object_component_ref idref="oc-a1"/>
      </symbol>
      <symbol id="sm-18c">
         <name>__aeabi_idiv</name>
         <value>0x52d</value>
         <object_component_ref idref="oc-62"/>
      </symbol>
      <symbol id="sm-18d">
         <name>__aeabi_idivmod</name>
         <value>0x52d</value>
         <object_component_ref idref="oc-62"/>
      </symbol>
      <symbol id="sm-193">
         <name>__aeabi_ldivmod</name>
         <value>0xba9</value>
         <object_component_ref idref="oc-5e"/>
      </symbol>
      <symbol id="sm-199">
         <name>__aeabi_memcpy</name>
         <value>0xc11</value>
         <object_component_ref idref="oc-44"/>
      </symbol>
      <symbol id="sm-19a">
         <name>__aeabi_memcpy4</name>
         <value>0xc11</value>
         <object_component_ref idref="oc-44"/>
      </symbol>
      <symbol id="sm-19b">
         <name>__aeabi_memcpy8</name>
         <value>0xc11</value>
         <object_component_ref idref="oc-44"/>
      </symbol>
      <symbol id="sm-1a4">
         <name>__divmoddi4</name>
         <value>0x6fd</value>
         <object_component_ref idref="oc-86"/>
      </symbol>
      <symbol id="sm-1b0">
         <name>__aeabi_idiv0</name>
         <value>0x3cf</value>
         <object_component_ref idref="oc-8b"/>
      </symbol>
      <symbol id="sm-1b1">
         <name>__aeabi_ldiv0</name>
         <value>0x583</value>
         <object_component_ref idref="oc-df"/>
      </symbol>
      <symbol id="sm-1b7">
         <name>__udivmoddi4</name>
         <value>0x32d</value>
         <object_component_ref idref="oc-ba"/>
      </symbol>
      <symbol id="sm-1bd">
         <name>__aeabi_llsl</name>
         <value>0x925</value>
         <object_component_ref idref="oc-e0"/>
      </symbol>
      <symbol id="sm-1be">
         <name>__ashldi3</name>
         <value>0x925</value>
         <object_component_ref idref="oc-e0"/>
      </symbol>
      <symbol id="sm-1c7">
         <name>TI_memcpy_small</name>
         <value>0xbcf</value>
         <object_component_ref idref="oc-91"/>
      </symbol>
      <symbol id="sm-1c8">
         <name>__TI_static_base__</name>
         <value>0x0</value>
      </symbol>
      <symbol id="sm-1cb">
         <name>__mpu_init</name>
         <value>0x0</value>
      </symbol>
      <symbol id="sm-1cc">
         <name>_system_post_cinit</name>
         <value>0x0</value>
      </symbol>
   </symbol_table>
   <title>Link successful</title>
</link_info>
